Error type 13 at Line 8: accessing with non-struct variable
Error type 14 at Line 9: no such member: c
