Error type 4 at Line 5: redefine function: main
Error type 3 at Line 8: redefine variable: d
Error type 5 at Line 11: unmatching type on both sides of assignment
