FUNCTION sqr :
PARAM v1
t2 := v1 
t3 := v1 
t1 := t2 * t3 
RETURN t1 
FUNCTION cbc :
PARAM v2
t7 := v2 
t8 := v2 
t5 := t7 * t8 
t6 := v2 
t4 := t5 * t6 
RETURN t4 
FUNCTION main :
READ t10
v3 := t10 
t12 := v3 
WRITE t12
t15 := v3 
ARG t15
t14 := CALL sqr
v4 := t14 
t17 := v4 
WRITE t17
t20 := v3 
ARG t20
t19 := CALL cbc
v4 := t19 
t22 := v4 
WRITE t22
t23 := #0 
RETURN t23 
