FUNCTION main :
t2 := #1 
v6 := t2 
t4 := #2 
v7 := t4 
t6 := #3 
v8 := t6 
t8 := #1 
v2 := t8 
t10 := #1 
v3 := t10 
READ t12
v5 := t12 
t13 := v5 
t14 := #1 
IF t13 < t14 GOTO label1 
GOTO label2 
LABEL label1 : 
t16 := #0 
WRITE t16
GOTO label3 
LABEL label2 : 
t17 := v5 
t18 := #1 
IF t17 == t18 GOTO label4 
GOTO label7 
LABEL label7 : 
t19 := v5 
t20 := #2 
IF t19 == t20 GOTO label4 
GOTO label5 
LABEL label4 : 
t22 := #1 
WRITE t22
GOTO label6 
LABEL label5 : 
t23 := v5 
t24 := #2 
IF t23 > t24 GOTO label8 
GOTO label9 
LABEL label8 : 
t26 := #3 
v1 := t26 
LABEL label10 : 
t27 := v1 
t28 := v5 
IF t27 <= t28 GOTO label11 
GOTO label12 
LABEL label11 : 
t31 := v2 
t32 := v3 
t30 := t31 + t32 
v4 := t30 
t34 := v3 
v2 := t34 
t36 := v4 
v3 := t36 
t39 := v1 
t40 := #1 
t38 := t39 + t40 
v1 := t38 
GOTO label10 
LABEL label12 : 
t42 := v4 
WRITE t42
LABEL label9 : 
LABEL label6 : 
LABEL label3 : 
t43 := #0 
RETURN t43 
