FUNCTION main :
READ t2
v2 := t2 
READ t4
v1 := t4 
t5 := v2 
t9 := v2 
t10 := #100 
t7 := t9 / t10 
t8 := #100 
t6 := t7 * t8 
IF t5 == t6 GOTO label1 
GOTO label2 
LABEL label1 : 
t11 := v2 
t15 := v2 
t16 := #400 
t13 := t15 / t16 
t14 := #400 
t12 := t13 * t14 
IF t11 == t12 GOTO label4 
GOTO label5 
LABEL label4 : 
t17 := v1 
t18 := #2 
IF t17 == t18 GOTO label7 
GOTO label8 
LABEL label7 : 
t20 := #29 
WRITE t20
GOTO label9 
LABEL label8 : 
t21 := v1 
t25 := v1 
t26 := #2 
t23 := t25 / t26 
t24 := #2 
t22 := t23 * t24 
IF t21 == t22 GOTO label10 
GOTO label11 
LABEL label10 : 
t28 := #30 
WRITE t28
GOTO label12 
LABEL label11 : 
t30 := #31 
WRITE t30
LABEL label12 : 
LABEL label9 : 
GOTO label6 
LABEL label5 : 
t31 := v1 
t32 := #2 
IF t31 == t32 GOTO label13 
GOTO label14 
LABEL label13 : 
t34 := #28 
WRITE t34
GOTO label15 
LABEL label14 : 
t35 := v1 
t39 := v1 
t40 := #2 
t37 := t39 / t40 
t38 := #2 
t36 := t37 * t38 
IF t35 == t36 GOTO label16 
GOTO label17 
LABEL label16 : 
t42 := #30 
WRITE t42
GOTO label18 
LABEL label17 : 
t44 := #31 
WRITE t44
LABEL label18 : 
LABEL label15 : 
LABEL label6 : 
GOTO label3 
LABEL label2 : 
t45 := v2 
t49 := v2 
t50 := #4 
t47 := t49 / t50 
t48 := #4 
t46 := t47 * t48 
IF t45 == t46 GOTO label19 
GOTO label20 
LABEL label19 : 
t51 := v1 
t52 := #2 
IF t51 == t52 GOTO label22 
GOTO label23 
LABEL label22 : 
t54 := #29 
WRITE t54
GOTO label24 
LABEL label23 : 
t55 := v1 
t59 := v1 
t60 := #2 
t57 := t59 / t60 
t58 := #2 
t56 := t57 * t58 
IF t55 == t56 GOTO label25 
GOTO label26 
LABEL label25 : 
t62 := #30 
WRITE t62
GOTO label27 
LABEL label26 : 
t64 := #31 
WRITE t64
LABEL label27 : 
LABEL label24 : 
GOTO label21 
LABEL label20 : 
t65 := v1 
t66 := #2 
IF t65 == t66 GOTO label28 
GOTO label29 
LABEL label28 : 
t68 := #28 
WRITE t68
GOTO label30 
LABEL label29 : 
t69 := v1 
t73 := v1 
t74 := #2 
t71 := t73 / t74 
t72 := #2 
t70 := t71 * t72 
IF t69 == t70 GOTO label31 
GOTO label32 
LABEL label31 : 
t76 := #30 
WRITE t76
GOTO label33 
LABEL label32 : 
t78 := #31 
WRITE t78
LABEL label33 : 
LABEL label30 : 
LABEL label21 : 
LABEL label3 : 
t79 := #0 
RETURN t79 
