FUNCTION main :
t1 := #0 
v4 := t1 
t3 := #5 
v1 := t3 
t8 := v1 
t9 := v1 
t6 := t8 * t9 
t10 := v1 
t11 := #2 
t7 := t10 + t11 
t5 := t6 * t7 
v2 := t5 
t13 := v2 
WRITE t13
t18 := v2 
t19 := v1 
t16 := t18 / t19 
t17 := #1 
t15 := t16 + t17 
v3 := t15 
t21 := v3 
WRITE t21
t28 := v1 
t29 := v2 
t26 := t28 + t29 
t30 := v3 
t31 := #3 
t27 := t30 * t31 
t24 := t26 - t27 
t34 := v2 
t35 := v1 
t32 := t34 / t35 
t33 := #4 
t25 := t32 - t33 
t23 := t24 + t25 
v4 := t23 
t37 := v4 
WRITE t37
t38 := #0 
RETURN t38 
